PS D:\05. Trainning\learning-code\Git_pushcode> git remote -v
origin  https://github.com/TrinhNKL/how_to_push_sourcecode_togit.git (fetch)
origin  https://github.com/TrinhNKL/how_to_push_sourcecode_togit.git (push)
PS D:\05. Trainning\learning-code\Git_pushcode> git branch 
* master
PS D:\05. Trainning\learning-code\Git_pushcode> git branch develop
PS D:\05. Trainning\learning-code\Git_pushcode> git branch
  develop
* master
PS D:\05. Trainning\learning-code\Git_pushcode> git checkout develop
Switched to branch 'develop'
M       git_guide.ipynb
PS D:\05. Trainning\learning-code\Git_pushcode> git log --oneline --graph --all
* 7e4d64d (HEAD -> develop, origin/master, master) Khởi tạo project
PS D:\05. Trainning\learning-code\Git_pushcode> git checkout master
Switched to branch 'master'
M       git_guide.ipynb
Your branch is up to date with 'origin/master'.
PS D:\05. Trainning\learning-code\Git_pushcode> git log --oneline --graph --all
* 7e4d64d (HEAD -> master, origin/master, develop) Khởi tạo project
PS D:\05. Trainning\learning-code\Git_pushcode> git checkout develop
Switched to branch 'develop'
M       git_guide.ipynb
PS D:\05. Trainning\learning-code\Git_pushcode> git add .
warning: in the working copy of 'git_guide.ipynb', LF will be replaced by CRLF the next time Git touches it
PS D:\05. Trainning\learning-code\Git_pushcode> git status
On branch develop
Changes to be committed:
  (use "git restore --staged <file>..." to unstage)
        modified:   git_guide.ipynb
        new file:   test.txt

PS D:\05. Trainning\learning-code\Git_pushcode> git commit -m "write file to develop branch"
[develop 73cccd4] write file to develop branch
 2 files changed, 8 insertions(+), 4 deletions(-)
 create mode 100644 test.txt
PS D:\05. Trainning\learning-code\Git_pushcode> git push origin develop   
Enumerating objects: 6, done.
Counting objects: 100% (6/6), done.
Delta compression using up to 12 threads
Compressing objects: 100% (3/3), done.
Writing objects: 100% (4/4), 882 bytes | 882.00 KiB/s, done.
Total 4 (delta 2), reused 0 (delta 0), pack-reused 0
remote: Resolving deltas: 100% (2/2), completed with 2 local objects.
remote: 
remote: Create a pull request for 'develop' on GitHub by visiting:
remote:      https://github.com/TrinhNKL/how_to_push_sourcecode_togit/pull/new/develop
remote:
To https://github.com/TrinhNKL/how_to_push_sourcecode_togit.git
 * [new branch]      develop -> develop
PS D:\05. Trainning\learning-code\Git_pushcode> git log --oneline --graph
* 73cccd4 (HEAD -> develop, origin/develop) write file to develop branch
* 7e4d64d (origin/master, master) Khởi tạo project
PS D:\05. Trainning\learning-code\Git_pushcode> git log --oneline --graph --all 
* 73cccd4 (HEAD -> develop, origin/develop) write file to develop branch
* 7e4d64d (origin/master, master) Khởi tạo project
PS D:\05. Trainning\learning-code\Git_pushcode> git commit -m "new file in master"
On branch master
Your branch is up to date with 'origin/master'.

Untracked files:
  (use "git add <file>..." to include in what will be committed)
        newfile_master.txt

nothing added to commit but untracked files present (use "git add" to track)
PS D:\05. Trainning\learning-code\Git_pushcode> git add newfile_master.txt
PS D:\05. Trainning\learning-code\Git_pushcode> git status
On branch master
Your branch is up to date with 'origin/master'.

Changes to be committed:
  (use "git restore --staged <file>..." to unstage)
        new file:   newfile_master.txt

PS D:\05. Trainning\learning-code\Git_pushcode> git commit 'add new file to master branch'
error: pathspec 'add new file to master branch' did not match any file(s) known to git
PS D:\05. Trainning\learning-code\Git_pushcode> git commit -m'add new file to master branch' 
[master 08fcd26] add new file to master branch
 1 file changed, 1 insertion(+)
 create mode 100644 newfile_master.txt
PS D:\05. Trainning\learning-code\Git_pushcode> git push origin master
Enumerating objects: 4, done.
Counting objects: 100% (4/4), done.
Delta compression using up to 12 threads
Compressing objects: 100% (2/2), done.
Writing objects: 100% (3/3), 346 bytes | 346.00 KiB/s, done.
Switched to branch 'master'
Your branch is up to date with 'origin/master'.
PS D:\05. Trainning\learning-code\Git_pushcode> git pull or









